// Jest Snapshot v1, https://goo.gl/fbAQLP

exports[`interface-fixture.ts 1`] = `
Array [
  Object {
    "category": 1,
    "code": 2345,
    "length": 159,
    "messageText": Object {
      "category": 1,
      "code": 2345,
      "messageText": "Argument of type '{ name: string; resolveType: any; fields: { foo: { type: StrongInputOutputType<number>; }; bar: {...' is not assignable to parameter of type 'StrongInterfaceTypeConfig<{}, { foo: { type: string; }; bar: { type: string | null | undefined; }...'.",
      "next": Object {
        "category": 1,
        "code": 2326,
        "messageText": "Types of property 'fields' are incompatible.",
        "next": Object {
          "category": 1,
          "code": 2322,
          "messageText": "Type '{ foo: { type: StrongInputOutputType<number>; }; bar: { type: StrongInputOutputType<string | null...' is not assignable to type 'StrongInterfaceFieldMapConfig<{ foo: { type: string; }; bar: { type: string | null | undefined; }...'.",
          "next": Object {
            "category": 1,
            "code": 2326,
            "messageText": "Types of property 'foo' are incompatible.",
            "next": Object {
              "category": 1,
              "code": 2322,
              "messageText": "Type '{ type: StrongInputOutputType<number>; }' is not assignable to type 'StrongInterfaceFieldConfig<any, string>'.",
              "next": Object {
                "category": 1,
                "code": 2326,
                "messageText": "Types of property 'type' are incompatible.",
                "next": Object {
                  "category": 1,
                  "code": 2322,
                  "messageText": "Type 'StrongInputOutputType<number>' is not assignable to type 'StrongOutputType<string>'.",
                  "next": Object {
                    "category": 1,
                    "code": 2326,
                    "messageText": "Types of property 'nullable' are incompatible.",
                    "next": Object {
                      "category": 1,
                      "code": 2322,
                      "messageText": "Type '() => StrongInputOutputType<number | null | undefined>' is not assignable to type '() => StrongOutputType<string | null | undefined>'.",
                      "next": Object {
                        "category": 1,
                        "code": 2322,
                        "messageText": "Type 'StrongInputOutputType<number | null | undefined>' is not assignable to type 'StrongOutputType<string | null | undefined>'.",
                        "next": Object {
                          "category": 1,
                          "code": 2326,
                          "messageText": "Types of property 'nullable' are incompatible.",
                          "next": Object {
                            "category": 1,
                            "code": 2322,
                            "messageText": "Type '() => StrongInputOutputType<number | null | undefined>' is not assignable to type '() => StrongOutputType<string | null | undefined>'.",
                            "next": Object {
                              "category": 1,
                              "code": 2322,
                              "messageText": "Type 'StrongInputOutputType<number | null | undefined>' is not assignable to type 'StrongOutputType<string | null | undefined>'.",
                              "next": undefined,
                            },
                          },
                        },
                      },
                    },
                  },
                },
              },
            },
          },
        },
      },
    },
    "start": 589,
    "text": "{
    name: 'Foobar',
    resolveType: undefined as any,
    fields: {
      foo: { type: IntegerType },
      bar: { type: StringType.nullable() },
    },
  }",
  },
  Object {
    "category": 1,
    "code": 2345,
    "length": 159,
    "messageText": Object {
      "category": 1,
      "code": 2345,
      "messageText": "Argument of type '{ name: string; resolveType: any; fields: { foo: { type: StrongInputOutputType<string>; }; bar: {...' is not assignable to parameter of type 'StrongInterfaceTypeConfig<{}, { foo: { type: string; }; bar: { type: string | null | undefined; }...'.",
      "next": Object {
        "category": 1,
        "code": 2326,
        "messageText": "Types of property 'fields' are incompatible.",
        "next": Object {
          "category": 1,
          "code": 2322,
          "messageText": "Type '{ foo: { type: StrongInputOutputType<string>; }; bar: { type: StrongInputOutputType<number | null...' is not assignable to type 'StrongInterfaceFieldMapConfig<{ foo: { type: string; }; bar: { type: string | null | undefined; }...'.",
          "next": Object {
            "category": 1,
            "code": 2326,
            "messageText": "Types of property 'bar' are incompatible.",
            "next": Object {
              "category": 1,
              "code": 2322,
              "messageText": "Type '{ type: StrongInputOutputType<number | null | undefined>; }' is not assignable to type 'StrongInterfaceFieldConfig<any, string | null | undefined>'.",
              "next": Object {
                "category": 1,
                "code": 2326,
                "messageText": "Types of property 'type' are incompatible.",
                "next": Object {
                  "category": 1,
                  "code": 2322,
                  "messageText": "Type 'StrongInputOutputType<number | null | undefined>' is not assignable to type 'StrongOutputType<string | null | undefined>'.",
                  "next": undefined,
                },
              },
            },
          },
        },
      },
    },
    "start": 891,
    "text": "{
    name: 'Foobar',
    resolveType: undefined as any,
    fields: {
      foo: { type: StringType },
      bar: { type: IntegerType.nullable() },
    },
  }",
  },
  Object {
    "category": 1,
    "code": 2345,
    "length": 114,
    "messageText": Object {
      "category": 1,
      "code": 2345,
      "messageText": "Argument of type '{ name: string; resolveType: any; fields: { foo: { type: StrongInputOutputType<string>; }; }; }' is not assignable to parameter of type 'StrongInterfaceTypeConfig<{}, { foo: { type: string; }; bar: { type: string | null | undefined; }...'.",
      "next": Object {
        "category": 1,
        "code": 2326,
        "messageText": "Types of property 'fields' are incompatible.",
        "next": Object {
          "category": 1,
          "code": 2322,
          "messageText": "Type '{ foo: { type: StrongInputOutputType<string>; }; }' is not assignable to type 'StrongInterfaceFieldMapConfig<{ foo: { type: string; }; bar: { type: string | null | undefined; }...'.",
          "next": Object {
            "category": 1,
            "code": 2324,
            "messageText": "Property 'bar' is missing in type '{ foo: { type: StrongInputOutputType<string>; }; }'.",
            "next": undefined,
          },
        },
      },
    },
    "start": 1192,
    "text": "{
    name: 'Foobar',
    resolveType: undefined as any,
    fields: {
      foo: { type: StringType },
    },
  }",
  },
  Object {
    "category": 1,
    "code": 2345,
    "length": 125,
    "messageText": Object {
      "category": 1,
      "code": 2345,
      "messageText": "Argument of type '{ name: string; resolveType: any; fields: { bar: { type: StrongInputOutputType<string | null | un...' is not assignable to parameter of type 'StrongInterfaceTypeConfig<{}, { foo: { type: string; }; bar: { type: string | null | undefined; }...'.",
      "next": Object {
        "category": 1,
        "code": 2326,
        "messageText": "Types of property 'fields' are incompatible.",
        "next": Object {
          "category": 1,
          "code": 2322,
          "messageText": "Type '{ bar: { type: StrongInputOutputType<string | null | undefined>; }; }' is not assignable to type 'StrongInterfaceFieldMapConfig<{ foo: { type: string; }; bar: { type: string | null | undefined; }...'.",
          "next": Object {
            "category": 1,
            "code": 2324,
            "messageText": "Property 'foo' is missing in type '{ bar: { type: StrongInputOutputType<string | null | undefined>; }; }'.",
            "next": undefined,
          },
        },
      },
    },
    "start": 1448,
    "text": "{
    name: 'Foobar',
    resolveType: undefined as any,
    fields: {
      bar: { type: StringType.nullable() },
    },
  }",
  },
  Object {
    "category": 1,
    "code": 2345,
    "length": 240,
    "messageText": Object {
      "category": 1,
      "code": 2345,
      "messageText": "Argument of type '{ name: string; resolveType: any; fields: { x: { type: StrongInputOutputType<string>; args: { foo...' is not assignable to parameter of type 'StrongInterfaceTypeConfig<{}, { x: { type: string; args: { foo: string; bar: string | null | unde...'.",
      "next": Object {
        "category": 1,
        "code": 2326,
        "messageText": "Types of property 'fields' are incompatible.",
        "next": Object {
          "category": 1,
          "code": 2322,
          "messageText": "Type '{ x: { type: StrongInputOutputType<string>; args: { foo: { type: StrongInputOutputType<number>; }...' is not assignable to type 'StrongInterfaceFieldMapConfig<{ x: { type: string; args: { foo: string; bar: string | null | unde...'.",
          "next": Object {
            "category": 1,
            "code": 2326,
            "messageText": "Types of property 'x' are incompatible.",
            "next": Object {
              "category": 1,
              "code": 2322,
              "messageText": "Type '{ type: StrongInputOutputType<string>; args: { foo: { type: StrongInputOutputType<number>; }; bar...' is not assignable to type 'StrongInterfaceFieldConfig<{ foo: string; bar: string | null | undefined; }, string>'.",
              "next": Object {
                "category": 1,
                "code": 2326,
                "messageText": "Types of property 'args' are incompatible.",
                "next": Object {
                  "category": 1,
                  "code": 2322,
                  "messageText": "Type '{ foo: { type: StrongInputOutputType<number>; }; bar: { type: StrongInputOutputType<string | null...' is not assignable to type 'StrongArgsConfig<{ foo: string; bar: string | null | undefined; }> | undefined'.",
                  "next": Object {
                    "category": 1,
                    "code": 2322,
                    "messageText": "Type '{ foo: { type: StrongInputOutputType<number>; }; bar: { type: StrongInputOutputType<string | null...' is not assignable to type 'StrongArgsConfig<{ foo: string; bar: string | null | undefined; }>'.",
                    "next": Object {
                      "category": 1,
                      "code": 2326,
                      "messageText": "Types of property 'foo' are incompatible.",
                      "next": Object {
                        "category": 1,
                        "code": 2322,
                        "messageText": "Type '{ type: StrongInputOutputType<number>; }' is not assignable to type 'StrongArgConfig<string>'.",
                        "next": Object {
                          "category": 1,
                          "code": 2326,
                          "messageText": "Types of property 'type' are incompatible.",
                          "next": Object {
                            "category": 1,
                            "code": 2322,
                            "messageText": "Type 'StrongInputOutputType<number>' is not assignable to type 'StrongInputType<string>'.",
                            "next": Object {
                              "category": 1,
                              "code": 2326,
                              "messageText": "Types of property 'nullable' are incompatible.",
                              "next": Object {
                                "category": 1,
                                "code": 2322,
                                "messageText": "Type '() => StrongInputOutputType<number | null | undefined>' is not assignable to type '() => StrongInputType<string | null | undefined>'.",
                                "next": Object {
                                  "category": 1,
                                  "code": 2322,
                                  "messageText": "Type 'StrongInputOutputType<number | null | undefined>' is not assignable to type 'StrongInputType<string | null | undefined>'.",
                                  "next": Object {
                                    "category": 1,
                                    "code": 2326,
                                    "messageText": "Types of property 'nullable' are incompatible.",
                                    "next": Object {
                                      "category": 1,
                                      "code": 2322,
                                      "messageText": "Type '() => StrongInputOutputType<number | null | undefined>' is not assignable to type '() => StrongInputType<string | null | undefined>'.",
                                      "next": Object {
                                        "category": 1,
                                        "code": 2322,
                                        "messageText": "Type 'StrongInputOutputType<number | null | undefined>' is not assignable to type 'StrongInputType<string | null | undefined>'.",
                                        "next": undefined,
                                      },
                                    },
                                  },
                                },
                              },
                            },
                          },
                        },
                      },
                    },
                  },
                },
              },
            },
          },
        },
      },
    },
    "start": 2192,
    "text": "{
    name: 'Foobar',
    resolveType: undefined as any,
    fields: {
      x: {
        type: StringType,
        args: {
          foo: { type: IntegerType },
          bar: { type: StringType.nullable() },
        },
      },
    },
  }",
  },
  Object {
    "category": 1,
    "code": 2345,
    "length": 240,
    "messageText": Object {
      "category": 1,
      "code": 2345,
      "messageText": "Argument of type '{ name: string; resolveType: any; fields: { x: { type: StrongInputOutputType<string>; args: { foo...' is not assignable to parameter of type 'StrongInterfaceTypeConfig<{}, { x: { type: string; args: { foo: string; bar: string | null | unde...'.",
      "next": Object {
        "category": 1,
        "code": 2326,
        "messageText": "Types of property 'fields' are incompatible.",
        "next": Object {
          "category": 1,
          "code": 2322,
          "messageText": "Type '{ x: { type: StrongInputOutputType<string>; args: { foo: { type: StrongInputOutputType<string>; }...' is not assignable to type 'StrongInterfaceFieldMapConfig<{ x: { type: string; args: { foo: string; bar: string | null | unde...'.",
          "next": Object {
            "category": 1,
            "code": 2326,
            "messageText": "Types of property 'x' are incompatible.",
            "next": Object {
              "category": 1,
              "code": 2322,
              "messageText": "Type '{ type: StrongInputOutputType<string>; args: { foo: { type: StrongInputOutputType<string>; }; bar...' is not assignable to type 'StrongInterfaceFieldConfig<{ foo: string; bar: string | null | undefined; }, string>'.",
              "next": Object {
                "category": 1,
                "code": 2326,
                "messageText": "Types of property 'args' are incompatible.",
                "next": Object {
                  "category": 1,
                  "code": 2322,
                  "messageText": "Type '{ foo: { type: StrongInputOutputType<string>; }; bar: { type: StrongInputOutputType<number | null...' is not assignable to type 'StrongArgsConfig<{ foo: string; bar: string | null | undefined; }> | undefined'.",
                  "next": Object {
                    "category": 1,
                    "code": 2322,
                    "messageText": "Type '{ foo: { type: StrongInputOutputType<string>; }; bar: { type: StrongInputOutputType<number | null...' is not assignable to type 'StrongArgsConfig<{ foo: string; bar: string | null | undefined; }>'.",
                    "next": Object {
                      "category": 1,
                      "code": 2326,
                      "messageText": "Types of property 'bar' are incompatible.",
                      "next": Object {
                        "category": 1,
                        "code": 2322,
                        "messageText": "Type '{ type: StrongInputOutputType<number | null | undefined>; }' is not assignable to type 'StrongArgConfig<string | null | undefined>'.",
                        "next": Object {
                          "category": 1,
                          "code": 2326,
                          "messageText": "Types of property 'type' are incompatible.",
                          "next": Object {
                            "category": 1,
                            "code": 2322,
                            "messageText": "Type 'StrongInputOutputType<number | null | undefined>' is not assignable to type 'StrongInputType<string | null | undefined>'.",
                            "next": undefined,
                          },
                        },
                      },
                    },
                  },
                },
              },
            },
          },
        },
      },
    },
    "start": 2620,
    "text": "{
    name: 'Foobar',
    resolveType: undefined as any,
    fields: {
      x: {
        type: StringType,
        args: {
          foo: { type: StringType },
          bar: { type: IntegerType.nullable() },
        },
      },
    },
  }",
  },
  Object {
    "category": 1,
    "code": 2345,
    "length": 191,
    "messageText": Object {
      "category": 1,
      "code": 2345,
      "messageText": "Argument of type '{ name: string; resolveType: any; fields: { x: { type: StrongInputOutputType<string>; args: { foo...' is not assignable to parameter of type 'StrongInterfaceTypeConfig<{}, { x: { type: string; args: { foo: string; bar: string | null | unde...'.",
      "next": Object {
        "category": 1,
        "code": 2326,
        "messageText": "Types of property 'fields' are incompatible.",
        "next": Object {
          "category": 1,
          "code": 2322,
          "messageText": "Type '{ x: { type: StrongInputOutputType<string>; args: { foo: { type: StrongInputOutputType<string>; }...' is not assignable to type 'StrongInterfaceFieldMapConfig<{ x: { type: string; args: { foo: string; bar: string | null | unde...'.",
          "next": Object {
            "category": 1,
            "code": 2326,
            "messageText": "Types of property 'x' are incompatible.",
            "next": Object {
              "category": 1,
              "code": 2322,
              "messageText": "Type '{ type: StrongInputOutputType<string>; args: { foo: { type: StrongInputOutputType<string>; }; }; }' is not assignable to type 'StrongInterfaceFieldConfig<{ foo: string; bar: string | null | undefined; }, string>'.",
              "next": Object {
                "category": 1,
                "code": 2326,
                "messageText": "Types of property 'args' are incompatible.",
                "next": Object {
                  "category": 1,
                  "code": 2322,
                  "messageText": "Type '{ foo: { type: StrongInputOutputType<string>; }; }' is not assignable to type 'StrongArgsConfig<{ foo: string; bar: string | null | undefined; }> | undefined'.",
                  "next": Object {
                    "category": 1,
                    "code": 2322,
                    "messageText": "Type '{ foo: { type: StrongInputOutputType<string>; }; }' is not assignable to type 'StrongArgsConfig<{ foo: string; bar: string | null | undefined; }>'.",
                    "next": Object {
                      "category": 1,
                      "code": 2324,
                      "messageText": "Property 'bar' is missing in type '{ foo: { type: StrongInputOutputType<string>; }; }'.",
                      "next": undefined,
                    },
                  },
                },
              },
            },
          },
        },
      },
    },
    "start": 3047,
    "text": "{
    name: 'Foobar',
    resolveType: undefined as any,
    fields: {
      x: {
        type: StringType,
        args: {
          foo: { type: StringType },
        },
      },
    },
  }",
  },
  Object {
    "category": 1,
    "code": 2345,
    "length": 202,
    "messageText": Object {
      "category": 1,
      "code": 2345,
      "messageText": "Argument of type '{ name: string; resolveType: any; fields: { x: { type: StrongInputOutputType<string>; args: { bar...' is not assignable to parameter of type 'StrongInterfaceTypeConfig<{}, { x: { type: string; args: { foo: string; bar: string | null | unde...'.",
      "next": Object {
        "category": 1,
        "code": 2326,
        "messageText": "Types of property 'fields' are incompatible.",
        "next": Object {
          "category": 1,
          "code": 2322,
          "messageText": "Type '{ x: { type: StrongInputOutputType<string>; args: { bar: { type: StrongInputOutputType<string | n...' is not assignable to type 'StrongInterfaceFieldMapConfig<{ x: { type: string; args: { foo: string; bar: string | null | unde...'.",
          "next": Object {
            "category": 1,
            "code": 2326,
            "messageText": "Types of property 'x' are incompatible.",
            "next": Object {
              "category": 1,
              "code": 2322,
              "messageText": "Type '{ type: StrongInputOutputType<string>; args: { bar: { type: StrongInputOutputType<string | null |...' is not assignable to type 'StrongInterfaceFieldConfig<{ foo: string; bar: string | null | undefined; }, string>'.",
              "next": Object {
                "category": 1,
                "code": 2326,
                "messageText": "Types of property 'args' are incompatible.",
                "next": Object {
                  "category": 1,
                  "code": 2322,
                  "messageText": "Type '{ bar: { type: StrongInputOutputType<string | null | undefined>; }; }' is not assignable to type 'StrongArgsConfig<{ foo: string; bar: string | null | undefined; }> | undefined'.",
                  "next": Object {
                    "category": 1,
                    "code": 2322,
                    "messageText": "Type '{ bar: { type: StrongInputOutputType<string | null | undefined>; }; }' is not assignable to type 'StrongArgsConfig<{ foo: string; bar: string | null | undefined; }>'.",
                    "next": Object {
                      "category": 1,
                      "code": 2324,
                      "messageText": "Property 'foo' is missing in type '{ bar: { type: StrongInputOutputType<string | null | undefined>; }; }'.",
                      "next": undefined,
                    },
                  },
                },
              },
            },
          },
        },
      },
    },
    "start": 3425,
    "text": "{
    name: 'Foobar',
    resolveType: undefined as any,
    fields: {
      x: {
        type: StringType,
        args: {
          bar: { type: StringType.nullable() },
        },
      },
    },
  }",
  },
  Object {
    "category": 1,
    "code": 2345,
    "length": 6,
    "messageText": Object {
      "category": 1,
      "code": 2345,
      "messageText": "Argument of type '{}' is not assignable to parameter of type 'StrongInterfaceImplementation<Person, {}, { name: { type: string; }; }>'.",
      "next": Object {
        "category": 1,
        "code": 2324,
        "messageText": "Property 'name' is missing in type '{}'.",
        "next": undefined,
      },
    },
    "start": 4446,
    "text": "{

  }",
  },
  Object {
    "category": 1,
    "code": 7031,
    "length": 5,
    "messageText": "Binding element 'email' implicitly has an 'any' type.",
    "start": 4529,
    "text": "email",
  },
  Object {
    "category": 1,
    "code": 2345,
    "length": 25,
    "messageText": Object {
      "category": 1,
      "code": 2345,
      "messageText": "Argument of type '{ name: () => number; }' is not assignable to parameter of type 'StrongInterfaceImplementation<Person, {}, { name: { type: string; }; }>'.",
      "next": Object {
        "category": 1,
        "code": 2326,
        "messageText": "Types of property 'name' are incompatible.",
        "next": Object {
          "category": 1,
          "code": 2322,
          "messageText": "Type '() => number' is not assignable to type 'StrongInterfaceFieldImplementation<Person, any, {}, string>'.",
          "next": Object {
            "category": 1,
            "code": 2322,
            "messageText": "Type 'number' is not assignable to type 'string | Promise<string>'.",
            "next": undefined,
          },
        },
      },
    },
    "start": 4883,
    "text": "{
    name: () => 42,
  }",
  },
  Object {
    "category": 1,
    "code": 7031,
    "length": 5,
    "messageText": "Binding element 'email' implicitly has an 'any' type.",
    "start": 4985,
    "text": "email",
  },
]
`;

exports[`object-fixture.ts 1`] = `
Array [
  Object {
    "category": 1,
    "code": 2345,
    "length": 74,
    "messageText": Object {
      "category": 1,
      "code": 2345,
      "messageText": "Argument of type '{ name: string; type: StrongInputOutputType<number>; resolve: ({url}: Image) => string; }' is not assignable to parameter of type 'StrongFieldConfig<Image, {}, {}, string>'.",
      "next": Object {
        "category": 1,
        "code": 2326,
        "messageText": "Types of property 'type' are incompatible.",
        "next": Object {
          "category": 1,
          "code": 2322,
          "messageText": "Type 'StrongInputOutputType<number>' is not assignable to type 'StrongOutputType<string> | (() => StrongOutputType<string>)'.",
          "next": Object {
            "category": 1,
            "code": 2322,
            "messageText": "Type 'StrongInputOutputType<number>' is not assignable to type '() => StrongOutputType<string>'.",
            "next": Object {
              "category": 1,
              "code": 2658,
              "messageText": "Type 'StrongInputOutputType<number>' provides no match for the signature '(): StrongOutputType<string>'",
              "next": undefined,
            },
          },
        },
      },
    },
    "start": 1536,
    "text": "{
    name: 'url',
    type: FloatType,
    resolve: ({ url }) => url,
  }",
  },
  Object {
    "category": 1,
    "code": 2345,
    "length": 75,
    "messageText": Object {
      "category": 1,
      "code": 2345,
      "messageText": "Argument of type '{ name: string; type: StrongObjectType<Person, {}>; resolve: ({url}: Image) => string; }' is not assignable to parameter of type 'StrongFieldConfig<Image, {}, {}, string>'.",
      "next": Object {
        "category": 1,
        "code": 2326,
        "messageText": "Types of property 'type' are incompatible.",
        "next": Object {
          "category": 1,
          "code": 2322,
          "messageText": "Type 'StrongObjectType<Person, {}>' is not assignable to type 'StrongOutputType<string> | (() => StrongOutputType<string>)'.",
          "next": Object {
            "category": 1,
            "code": 2322,
            "messageText": "Type 'StrongObjectType<Person, {}>' is not assignable to type '() => StrongOutputType<string>'.",
            "next": Object {
              "category": 1,
              "code": 2658,
              "messageText": "Type 'StrongObjectType<Person, {}>' provides no match for the signature '(): StrongOutputType<string>'",
              "next": undefined,
            },
          },
        },
      },
    },
    "start": 1664,
    "text": "{
    name: 'url',
    type: PersonType,
    resolve: ({ url }) => url,
  }",
  },
  Object {
    "category": 1,
    "code": 2345,
    "length": 105,
    "messageText": Object {
      "category": 1,
      "code": 2345,
      "messageText": "Argument of type '{ name: string; type: StrongInputType<string>; resolve: ({url}: Image) => string; }' is not assignable to parameter of type 'StrongFieldConfig<Image, {}, {}, string>'.",
      "next": Object {
        "category": 1,
        "code": 2326,
        "messageText": "Types of property 'type' are incompatible.",
        "next": Object {
          "category": 1,
          "code": 2322,
          "messageText": "Type 'StrongInputType<string>' is not assignable to type 'StrongOutputType<string> | (() => StrongOutputType<string>)'.",
          "next": Object {
            "category": 1,
            "code": 2322,
            "messageText": "Type 'StrongInputType<string>' is not assignable to type '() => StrongOutputType<string>'.",
            "next": Object {
              "category": 1,
              "code": 2658,
              "messageText": "Type 'StrongInputType<string>' provides no match for the signature '(): StrongOutputType<string>'",
              "next": undefined,
            },
          },
        },
      },
    },
    "start": 1819,
    "text": "{
    name: 'url',
    type: (null as any) as StrongInputType<string>,
    resolve: ({ url }) => url,
  }",
  },
  Object {
    "category": 1,
    "code": 2345,
    "length": 88,
    "messageText": Object {
      "category": 1,
      "code": 2345,
      "messageText": "Argument of type '{ name: string; type: StrongInputOutputType<number>; resolve: ({size}: Image) => string; }' is not assignable to parameter of type 'StrongFieldConfig<Image, {}, {}, number | null | undefined>'.",
      "next": Object {
        "category": 1,
        "code": 2326,
        "messageText": "Types of property 'resolve' are incompatible.",
        "next": Object {
          "category": 1,
          "code": 2322,
          "messageText": "Type '({size}: Image) => string' is not assignable to type '(source: Image, args: {}, context: {}) => number | Promise<number | null | undefined> | null | un...'.",
          "next": Object {
            "category": 1,
            "code": 2322,
            "messageText": "Type 'string' is not assignable to type 'number | Promise<number | null | undefined> | null | undefined'.",
            "next": undefined,
          },
        },
      },
    },
    "start": 2177,
    "text": "{
    name: 'size',
    type: FloatType,
    resolve: ({ size }) => 'not a number!',
  }",
  },
  Object {
    "category": 1,
    "code": 2345,
    "length": 77,
    "messageText": Object {
      "category": 1,
      "code": 2345,
      "messageText": "Argument of type '{ name: string; type: StrongInputOutputType<number>; resolve: ({size}: Image) => number | undefin...' is not assignable to parameter of type 'StrongFieldConfig<Image, {}, {}, number>'.",
      "next": Object {
        "category": 1,
        "code": 2326,
        "messageText": "Types of property 'resolve' are incompatible.",
        "next": Object {
          "category": 1,
          "code": 2322,
          "messageText": "Type '({size}: Image) => number | undefined' is not assignable to type '(source: Image, args: {}, context: {}) => number | Promise<number>'.",
          "next": Object {
            "category": 1,
            "code": 2322,
            "messageText": "Type 'number | undefined' is not assignable to type 'number | Promise<number>'.",
            "next": Object {
              "category": 1,
              "code": 2322,
              "messageText": "Type 'undefined' is not assignable to type 'number | Promise<number>'.",
              "next": undefined,
            },
          },
        },
      },
    },
    "start": 2327,
    "text": "{
    name: 'size',
    type: FloatType,
    resolve: ({ size }) => size,
  }",
  },
  Object {
    "category": 1,
    "code": 2345,
    "length": 95,
    "messageText": Object {
      "category": 1,
      "code": 2345,
      "messageText": "Argument of type '{ name: string; type: StrongInputOutputType<string | null | undefined>; resolve: ({url}: Image) =...' is not assignable to parameter of type 'StrongFieldConfig<Image, {}, {}, string>'.",
      "next": Object {
        "category": 1,
        "code": 2326,
        "messageText": "Types of property 'type' are incompatible.",
        "next": Object {
          "category": 1,
          "code": 2322,
          "messageText": "Type 'StrongInputOutputType<string | null | undefined>' is not assignable to type 'StrongOutputType<string> | (() => StrongOutputType<string>)'.",
          "next": Object {
            "category": 1,
            "code": 2322,
            "messageText": "Type 'StrongInputOutputType<string | null | undefined>' is not assignable to type '() => StrongOutputType<string>'.",
            "next": Object {
              "category": 1,
              "code": 2658,
              "messageText": "Type 'StrongInputOutputType<string | null | undefined>' provides no match for the signature '(): StrongOutputType<string>'",
              "next": undefined,
            },
          },
        },
      },
    },
    "start": 2683,
    "text": "{
    name: 'url',
    type: createNullableType(StringType),
    resolve: ({ url }) => url,
  }",
  },
  Object {
    "category": 1,
    "code": 2345,
    "length": 313,
    "messageText": Object {
      "category": 1,
      "code": 2345,
      "messageText": "Argument of type '{ name: string; type: StrongInputOutputType<string>; args: { width: { type: StrongInputOutputType...' is not assignable to parameter of type 'StrongFieldConfigWithArgs<Person, { width: number; height: number | null | undefined; }, {}, Imag...'.",
      "next": Object {
        "category": 1,
        "code": 2322,
        "messageText": "Type '{ name: string; type: StrongInputOutputType<string>; args: { width: { type: StrongInputOutputType...' is not assignable to type 'StrongFieldConfig<Person, { width: number; height: number | null | undefined; }, {}, Image | null...'.",
        "next": Object {
          "category": 1,
          "code": 2326,
          "messageText": "Types of property 'type' are incompatible.",
          "next": Object {
            "category": 1,
            "code": 2322,
            "messageText": "Type 'StrongInputOutputType<string>' is not assignable to type 'StrongOutputType<Image | null | undefined> | (() => StrongOutputType<Image | null | undefined>)'.",
            "next": Object {
              "category": 1,
              "code": 2322,
              "messageText": "Type 'StrongInputOutputType<string>' is not assignable to type '() => StrongOutputType<Image | null | undefined>'.",
              "next": Object {
                "category": 1,
                "code": 2658,
                "messageText": "Type 'StrongInputOutputType<string>' provides no match for the signature '(): StrongOutputType<Image | null | undefined>'",
                "next": undefined,
              },
            },
          },
        },
      },
    },
    "start": 3071,
    "text": "{
    name: 'image',
    type: StringType,
    args: {
      width: {
        type: IntegerType,
      },
      height: {
        type: createNullableType(IntegerType),
      },
    },
    resolve: ({ imageURL }, { width, height }) => imageURL ? {
      url: imageURL,
      width,
      height,
    } : null,
  }",
  },
  Object {
    "category": 1,
    "code": 2345,
    "length": 311,
    "messageText": Object {
      "category": 1,
      "code": 2345,
      "messageText": "Argument of type '{ name: string; type: StrongObjectType<Image, {}>; args: { width: { type: StrongInputOutputType<s...' is not assignable to parameter of type 'StrongFieldConfigWithArgs<Person, { width: number; height: number | null | undefined; }, {}, Imag...'.",
      "next": Object {
        "category": 1,
        "code": 2322,
        "messageText": "Type '{ name: string; type: StrongObjectType<Image, {}>; args: { width: { type: StrongInputOutputType<s...' is not assignable to type 'StrongFieldConfig<Person, { width: number; height: number | null | undefined; }, {}, Image | null...'.",
        "next": Object {
          "category": 1,
          "code": 2326,
          "messageText": "Types of property 'args' are incompatible.",
          "next": Object {
            "category": 1,
            "code": 2322,
            "messageText": "Type '{ width: { type: StrongInputOutputType<string>; }; height: { type: StrongInputOutputType<number |...' is not assignable to type 'StrongArgsConfig<{ width: number; height: number | null | undefined; }> | undefined'.",
            "next": Object {
              "category": 1,
              "code": 2322,
              "messageText": "Type '{ width: { type: StrongInputOutputType<string>; }; height: { type: StrongInputOutputType<number |...' is not assignable to type 'StrongArgsConfig<{ width: number; height: number | null | undefined; }>'.",
              "next": Object {
                "category": 1,
                "code": 2326,
                "messageText": "Types of property 'width' are incompatible.",
                "next": Object {
                  "category": 1,
                  "code": 2322,
                  "messageText": "Type '{ type: StrongInputOutputType<string>; }' is not assignable to type 'StrongArgConfig<number>'.",
                  "next": Object {
                    "category": 1,
                    "code": 2326,
                    "messageText": "Types of property 'type' are incompatible.",
                    "next": Object {
                      "category": 1,
                      "code": 2322,
                      "messageText": "Type 'StrongInputOutputType<string>' is not assignable to type 'StrongInputType<number>'.",
                      "next": Object {
                        "category": 1,
                        "code": 2326,
                        "messageText": "Types of property 'nullable' are incompatible.",
                        "next": Object {
                          "category": 1,
                          "code": 2322,
                          "messageText": "Type '() => StrongInputOutputType<string | null | undefined>' is not assignable to type '() => StrongInputType<number | null | undefined>'.",
                          "next": Object {
                            "category": 1,
                            "code": 2322,
                            "messageText": "Type 'StrongInputOutputType<string | null | undefined>' is not assignable to type 'StrongInputType<number | null | undefined>'.",
                            "next": Object {
                              "category": 1,
                              "code": 2326,
                              "messageText": "Types of property 'nullable' are incompatible.",
                              "next": Object {
                                "category": 1,
                                "code": 2322,
                                "messageText": "Type '() => StrongInputOutputType<string | null | undefined>' is not assignable to type '() => StrongInputType<number | null | undefined>'.",
                                "next": Object {
                                  "category": 1,
                                  "code": 2322,
                                  "messageText": "Type 'StrongInputOutputType<string | null | undefined>' is not assignable to type 'StrongInputType<number | null | undefined>'.",
                                  "next": undefined,
                                },
                              },
                            },
                          },
                        },
                      },
                    },
                  },
                },
              },
            },
          },
        },
      },
    },
    "start": 3495,
    "text": "{
    name: 'image',
    type: ImageType,
    args: {
      width: {
        type: StringType,
      },
      height: {
        type: createNullableType(IntegerType),
      },
    },
    resolve: ({ imageURL }, { width, height }) => imageURL ? {
      url: imageURL,
      width,
      height,
    } : null,
  }",
  },
  Object {
    "category": 1,
    "code": 2345,
    "length": 311,
    "messageText": Object {
      "category": 1,
      "code": 2345,
      "messageText": "Argument of type '{ name: string; type: StrongObjectType<Image, {}>; args: { width: { type: StrongInputOutputType<n...' is not assignable to parameter of type 'StrongFieldConfigWithArgs<Person, { width: number; height: number | null | undefined; }, {}, Imag...'.",
      "next": Object {
        "category": 1,
        "code": 2322,
        "messageText": "Type '{ name: string; type: StrongObjectType<Image, {}>; args: { width: { type: StrongInputOutputType<n...' is not assignable to type 'StrongFieldConfig<Person, { width: number; height: number | null | undefined; }, {}, Image | null...'.",
        "next": Object {
          "category": 1,
          "code": 2326,
          "messageText": "Types of property 'args' are incompatible.",
          "next": Object {
            "category": 1,
            "code": 2322,
            "messageText": "Type '{ width: { type: StrongInputOutputType<number>; }; height: { type: StrongInputOutputType<string |...' is not assignable to type 'StrongArgsConfig<{ width: number; height: number | null | undefined; }> | undefined'.",
            "next": Object {
              "category": 1,
              "code": 2322,
              "messageText": "Type '{ width: { type: StrongInputOutputType<number>; }; height: { type: StrongInputOutputType<string |...' is not assignable to type 'StrongArgsConfig<{ width: number; height: number | null | undefined; }>'.",
              "next": Object {
                "category": 1,
                "code": 2326,
                "messageText": "Types of property 'height' are incompatible.",
                "next": Object {
                  "category": 1,
                  "code": 2322,
                  "messageText": "Type '{ type: StrongInputOutputType<string | null | undefined>; }' is not assignable to type 'StrongArgConfig<number | null | undefined>'.",
                  "next": Object {
                    "category": 1,
                    "code": 2326,
                    "messageText": "Types of property 'type' are incompatible.",
                    "next": Object {
                      "category": 1,
                      "code": 2322,
                      "messageText": "Type 'StrongInputOutputType<string | null | undefined>' is not assignable to type 'StrongInputType<number | null | undefined>'.",
                      "next": undefined,
                    },
                  },
                },
              },
            },
          },
        },
      },
    },
    "start": 3917,
    "text": "{
    name: 'image',
    type: ImageType,
    args: {
      width: {
        type: IntegerType,
      },
      height: {
        type: createNullableType(StringType),
      },
    },
    resolve: ({ imageURL }, { width, height }) => imageURL ? {
      url: imageURL,
      width,
      height,
    } : null,
  }",
  },
  Object {
    "category": 1,
    "code": 2345,
    "length": 170,
    "messageText": Object {
      "category": 1,
      "code": 2345,
      "messageText": "Argument of type '{ name: string; type: StrongObjectType<Image, {}>; resolve: ({imageURL}: Person, {width, height}:...' is not assignable to parameter of type 'StrongFieldConfigWithArgs<Person, { width: number; height: number | null | undefined; }, {}, Imag...'.",
      "next": Object {
        "category": 1,
        "code": 2322,
        "messageText": "Type '{ name: string; type: StrongObjectType<Image, {}>; resolve: ({imageURL}: Person, {width, height}:...' is not assignable to type '{ readonly args: StrongArgsConfig<{ width: number; height: number | null | undefined; }>; }'.",
        "next": Object {
          "category": 1,
          "code": 2324,
          "messageText": "Property 'args' is missing in type '{ name: string; type: StrongObjectType<Image, {}>; resolve: ({imageURL}: Person, {width, height}:...'.",
          "next": undefined,
        },
      },
    },
    "start": 4345,
    "text": "{
    name: 'image',
    type: ImageType,
    resolve: ({ imageURL }, { width, height }) => imageURL ? {
      url: imageURL,
      width,
      height,
    } : null,
  }",
  },
  Object {
    "category": 1,
    "code": 2345,
    "length": 261,
    "messageText": Object {
      "category": 1,
      "code": 2345,
      "messageText": "Argument of type '{ name: string; type: StrongObjectType<Image, {}>; args: { height: { type: StrongInputOutputType<...' is not assignable to parameter of type 'StrongFieldConfigWithArgs<Person, { width: number; height: number | null | undefined; }, {}, Imag...'.",
      "next": Object {
        "category": 1,
        "code": 2322,
        "messageText": "Type '{ name: string; type: StrongObjectType<Image, {}>; args: { height: { type: StrongInputOutputType<...' is not assignable to type 'StrongFieldConfig<Person, { width: number; height: number | null | undefined; }, {}, Image | null...'.",
        "next": Object {
          "category": 1,
          "code": 2326,
          "messageText": "Types of property 'args' are incompatible.",
          "next": Object {
            "category": 1,
            "code": 2322,
            "messageText": "Type '{ height: { type: StrongInputOutputType<number | null | undefined>; }; }' is not assignable to type 'StrongArgsConfig<{ width: number; height: number | null | undefined; }> | undefined'.",
            "next": Object {
              "category": 1,
              "code": 2322,
              "messageText": "Type '{ height: { type: StrongInputOutputType<number | null | undefined>; }; }' is not assignable to type 'StrongArgsConfig<{ width: number; height: number | null | undefined; }>'.",
              "next": Object {
                "category": 1,
                "code": 2324,
                "messageText": "Property 'width' is missing in type '{ height: { type: StrongInputOutputType<number | null | undefined>; }; }'.",
                "next": undefined,
              },
            },
          },
        },
      },
    },
    "start": 4629,
    "text": "{
    name: 'image',
    type: ImageType,
    args: {
      height: {
        type: createNullableType(IntegerType),
      },
    },
    resolve: ({ imageURL }, { width, height }) => imageURL ? {
      url: imageURL,
      width,
      height,
    } : null,
  }",
  },
  Object {
    "category": 1,
    "code": 2345,
    "length": 240,
    "messageText": Object {
      "category": 1,
      "code": 2345,
      "messageText": "Argument of type '{ name: string; type: StrongObjectType<Image, {}>; args: { width: { type: StrongInputOutputType<n...' is not assignable to parameter of type 'StrongFieldConfigWithArgs<Person, { width: number; height: number | null | undefined; }, {}, Imag...'.",
      "next": Object {
        "category": 1,
        "code": 2322,
        "messageText": "Type '{ name: string; type: StrongObjectType<Image, {}>; args: { width: { type: StrongInputOutputType<n...' is not assignable to type 'StrongFieldConfig<Person, { width: number; height: number | null | undefined; }, {}, Image | null...'.",
        "next": Object {
          "category": 1,
          "code": 2326,
          "messageText": "Types of property 'args' are incompatible.",
          "next": Object {
            "category": 1,
            "code": 2322,
            "messageText": "Type '{ width: { type: StrongInputOutputType<number>; }; }' is not assignable to type 'StrongArgsConfig<{ width: number; height: number | null | undefined; }> | undefined'.",
            "next": Object {
              "category": 1,
              "code": 2322,
              "messageText": "Type '{ width: { type: StrongInputOutputType<number>; }; }' is not assignable to type 'StrongArgsConfig<{ width: number; height: number | null | undefined; }>'.",
              "next": Object {
                "category": 1,
                "code": 2324,
                "messageText": "Property 'height' is missing in type '{ width: { type: StrongInputOutputType<number>; }; }'.",
                "next": undefined,
              },
            },
          },
        },
      },
    },
    "start": 5004,
    "text": "{
    name: 'image',
    type: ImageType,
    args: {
      width: {
        type: IntegerType,
      },
    },
    resolve: ({ imageURL }, { width, height }) => imageURL ? {
      url: imageURL,
      width,
      height,
    } : null,
  }",
  },
  Object {
    "category": 1,
    "code": 2345,
    "length": 332,
    "messageText": Object {
      "category": 1,
      "code": 2345,
      "messageText": "Argument of type '{ name: string; type: StrongObjectType<Image, {}>; args: { width: { type: StrongInputOutputType<n...' is not assignable to parameter of type 'StrongFieldConfigWithArgs<Person, { width: number; height: number | null | undefined; }, {}, Imag...'.",
      "next": Object {
        "category": 1,
        "code": 2322,
        "messageText": "Type '{ name: string; type: StrongObjectType<Image, {}>; args: { width: { type: StrongInputOutputType<n...' is not assignable to type 'StrongFieldConfig<Person, { width: number; height: number | null | undefined; }, {}, Image | null...'.",
        "next": Object {
          "category": 1,
          "code": 2326,
          "messageText": "Types of property 'args' are incompatible.",
          "next": Object {
            "category": 1,
            "code": 2322,
            "messageText": "Type '{ width: { type: StrongInputOutputType<number | null | undefined>; }; height: { type: StrongInput...' is not assignable to type 'StrongArgsConfig<{ width: number; height: number | null | undefined; }> | undefined'.",
            "next": Object {
              "category": 1,
              "code": 2322,
              "messageText": "Type '{ width: { type: StrongInputOutputType<number | null | undefined>; }; height: { type: StrongInput...' is not assignable to type 'StrongArgsConfig<{ width: number; height: number | null | undefined; }>'.",
              "next": Object {
                "category": 1,
                "code": 2326,
                "messageText": "Types of property 'width' are incompatible.",
                "next": Object {
                  "category": 1,
                  "code": 2322,
                  "messageText": "Type '{ type: StrongInputOutputType<number | null | undefined>; }' is not assignable to type 'StrongArgConfig<number>'.",
                  "next": Object {
                    "category": 1,
                    "code": 2326,
                    "messageText": "Types of property 'type' are incompatible.",
                    "next": Object {
                      "category": 1,
                      "code": 2322,
                      "messageText": "Type 'StrongInputOutputType<number | null | undefined>' is not assignable to type 'StrongInputType<number>'.",
                      "next": Object {
                        "category": 1,
                        "code": 2326,
                        "messageText": "Types of property '_strongValue' are incompatible.",
                        "next": Object {
                          "category": 1,
                          "code": 2322,
                          "messageText": "Type 'number | null | undefined' is not assignable to type 'number'.",
                          "next": Object {
                            "category": 1,
                            "code": 2322,
                            "messageText": "Type 'undefined' is not assignable to type 'number'.",
                            "next": undefined,
                          },
                        },
                      },
                    },
                  },
                },
              },
            },
          },
        },
      },
    },
    "start": 5371,
    "text": "{
    name: 'image',
    type: ImageType,
    args: {
      width: {
        type: createNullableType(IntegerType),
      },
      height: {
        type: createNullableType(IntegerType),
      },
    },
    resolve: ({ imageURL }, { width, height }) => imageURL ? {
      url: imageURL,
      width,
      height,
    } : null,
  }",
  },
  Object {
    "category": 1,
    "code": 2459,
    "length": 5,
    "messageText": "Type '{}' has no property 'width' and no string index signature.",
    "start": 5977,
    "text": "width",
  },
  Object {
    "category": 1,
    "code": 2459,
    "length": 6,
    "messageText": "Type '{}' has no property 'height' and no string index signature.",
    "start": 5984,
    "text": "height",
  },
  Object {
    "category": 1,
    "code": 2459,
    "length": 1,
    "messageText": "Type '{ width: number; height: number | null | undefined; }' has no property 'x' and no string index signature.",
    "start": 7049,
    "text": "x",
  },
  Object {
    "category": 1,
    "code": 2459,
    "length": 1,
    "messageText": "Type '{ width: number; height: number | null | undefined; }' has no property 'y' and no string index signature.",
    "start": 7052,
    "text": "y",
  },
  Object {
    "category": 1,
    "code": 2459,
    "length": 1,
    "messageText": "Type '{ width: number; height: number | null | undefined; }' has no property 'z' and no string index signature.",
    "start": 7055,
    "text": "z",
  },
  Object {
    "category": 1,
    "code": 2345,
    "length": 342,
    "messageText": Object {
      "category": 1,
      "code": 2345,
      "messageText": "Argument of type '{ name: string; type: StrongObjectType<Image, {}>; args: { width: { type: StrongOutputType<number...' is not assignable to parameter of type 'StrongFieldConfigWithArgs<Person, { width: number; height: number | null | undefined; }, {}, Imag...'.",
      "next": Object {
        "category": 1,
        "code": 2322,
        "messageText": "Type '{ name: string; type: StrongObjectType<Image, {}>; args: { width: { type: StrongOutputType<number...' is not assignable to type 'StrongFieldConfig<Person, { width: number; height: number | null | undefined; }, {}, Image | null...'.",
        "next": Object {
          "category": 1,
          "code": 2326,
          "messageText": "Types of property 'args' are incompatible.",
          "next": Object {
            "category": 1,
            "code": 2322,
            "messageText": "Type '{ width: { type: StrongOutputType<number>; }; height: { type: StrongInputOutputType<number | null...' is not assignable to type 'StrongArgsConfig<{ width: number; height: number | null | undefined; }> | undefined'.",
            "next": Object {
              "category": 1,
              "code": 2322,
              "messageText": "Type '{ width: { type: StrongOutputType<number>; }; height: { type: StrongInputOutputType<number | null...' is not assignable to type 'StrongArgsConfig<{ width: number; height: number | null | undefined; }>'.",
              "next": Object {
                "category": 1,
                "code": 2326,
                "messageText": "Types of property 'width' are incompatible.",
                "next": Object {
                  "category": 1,
                  "code": 2322,
                  "messageText": "Type '{ type: StrongOutputType<number>; }' is not assignable to type 'StrongArgConfig<number>'.",
                  "next": Object {
                    "category": 1,
                    "code": 2326,
                    "messageText": "Types of property 'type' are incompatible.",
                    "next": Object {
                      "category": 1,
                      "code": 2322,
                      "messageText": "Type 'StrongOutputType<number>' is not assignable to type 'StrongInputType<number>'.",
                      "next": Object {
                        "category": 1,
                        "code": 2324,
                        "messageText": "Property '_strongInputType' is missing in type 'StrongOutputType<number>'.",
                        "next": undefined,
                      },
                    },
                  },
                },
              },
            },
          },
        },
      },
    },
    "start": 7712,
    "text": "{
    name: 'image',
    type: ImageType,
    args: {
      width: {
        type: (null as any) as StrongOutputType<number>,
      },
      height: {
        type: createNullableType(IntegerType),
      },
    },
    resolve: ({ imageURL }, { width, height }) => imageURL ? {
      url: imageURL,
      width,
      height,
    } : null,
  }",
  },
  Object {
    "category": 1,
    "code": 2339,
    "length": 12,
    "messageText": "Property 'ImageService' does not exist on type '{}'.",
    "start": 8937,
    "text": "ImageService",
  },
  Object {
    "category": 1,
    "code": 2448,
    "length": 4,
    "messageText": "Block-scoped variable 'type' used before its declaration.",
    "start": 9170,
    "text": "type",
  },
  Object {
    "category": 1,
    "code": 2454,
    "length": 4,
    "messageText": "Variable 'type' is used before being assigned.",
    "start": 9170,
    "text": "type",
  },
  Object {
    "category": 1,
    "code": 2345,
    "length": 97,
    "messageText": Object {
      "category": 1,
      "code": 2345,
      "messageText": "Argument of type '{ name: string; type: StrongInputOutputType<number>; resolve: () => Promise<string>; }' is not assignable to parameter of type 'StrongFieldConfig<Image, {}, {}, number | null | undefined>'.",
      "next": Object {
        "category": 1,
        "code": 2326,
        "messageText": "Types of property 'resolve' are incompatible.",
        "next": Object {
          "category": 1,
          "code": 2322,
          "messageText": "Type '() => Promise<string>' is not assignable to type '(source: Image, args: {}, context: {}) => number | Promise<number | null | undefined> | null | un...'.",
          "next": Object {
            "category": 1,
            "code": 2322,
            "messageText": "Type 'Promise<string>' is not assignable to type 'number | Promise<number | null | undefined> | null | undefined'.",
            "next": Object {
              "category": 1,
              "code": 2322,
              "messageText": "Type 'Promise<string>' is not assignable to type 'Promise<number | null | undefined>'.",
              "next": Object {
                "category": 1,
                "code": 2322,
                "messageText": "Type 'string' is not assignable to type 'number | null | undefined'.",
                "next": undefined,
              },
            },
          },
        },
      },
    },
    "start": 9684,
    "text": "{
    name: 'size',
    type: FloatType,
    resolve: () => Promise.resolve('not a number!'),
  }",
  },
]
`;

exports[`scalar-fixture.ts 1`] = `
Array [
  Object {
    "category": 1,
    "code": 2345,
    "length": 107,
    "messageText": Object {
      "category": 1,
      "code": 2345,
      "messageText": "Argument of type '{ name: string; serialize: (value: string) => number; parseValue: (value: number) => string; }' is not assignable to parameter of type 'StrongScalarTypeConfigWithInput<string, number>'.",
      "next": Object {
        "category": 1,
        "code": 2324,
        "messageText": "Property 'parseLiteral' is missing in type '{ name: string; serialize: (value: string) => number; parseValue: (value: number) => string; }'.",
        "next": undefined,
      },
    },
    "start": 339,
    "text": "{
    name: 'foo',
    serialize: value => parseInt(value, 10),
    parseValue: value => String(value),
  }",
  },
  Object {
    "category": 1,
    "code": 2345,
    "length": 106,
    "messageText": Object {
      "category": 1,
      "code": 2345,
      "messageText": "Argument of type '{ name: string; serialize: (value: string) => number; parseLiteral: (value: ValueNode) => \\"Variab...' is not assignable to parameter of type 'StrongScalarTypeConfigWithInput<string, number>'.",
      "next": Object {
        "category": 1,
        "code": 2324,
        "messageText": "Property 'parseValue' is missing in type '{ name: string; serialize: (value: string) => number; parseLiteral: (value: ValueNode) => \\"Variab...'.",
        "next": undefined,
      },
    },
    "start": 553,
    "text": "{
    name: 'foo',
    serialize: value => parseInt(value, 10),
    parseLiteral: value => value.kind,
  }",
  },
  Object {
    "category": 1,
    "code": 2322,
    "length": 5,
    "messageText": Object {
      "category": 1,
      "code": 2322,
      "messageText": "Type 'StrongOutputType<string>' is not assignable to type 'StrongInputType<string>'.",
      "next": Object {
        "category": 1,
        "code": 2324,
        "messageText": "Property '_strongInputType' is missing in type 'StrongOutputType<string>'.",
        "next": undefined,
      },
    },
    "start": 869,
    "text": "type2",
  },
]
`;

exports[`schema-fixture.ts 1`] = `
Array [
  Object {
    "category": 1,
    "code": 2345,
    "length": 8,
    "messageText": "Argument of type '\\"string\\"' is not assignable to parameter of type 'number'.",
    "start": 368,
    "text": "'string'",
  },
  Object {
    "category": 1,
    "code": 2345,
    "length": 8,
    "messageText": "Argument of type '\\"string\\"' is not assignable to parameter of type 'number'.",
    "start": 530,
    "text": "'string'",
  },
  Object {
    "category": 1,
    "code": 2345,
    "length": 16,
    "messageText": Object {
      "category": 1,
      "code": 2345,
      "messageText": "Argument of type '{ query: StrongObjectType<string, number>; }' is not assignable to parameter of type 'StrongSchemaConfig<number, number>'.",
      "next": Object {
        "category": 1,
        "code": 2326,
        "messageText": "Types of property 'query' are incompatible.",
        "next": Object {
          "category": 1,
          "code": 2322,
          "messageText": "Type 'StrongObjectType<string, number>' is not assignable to type 'StrongObjectType<number, number>'.",
          "next": Object {
            "category": 1,
            "code": 2322,
            "messageText": "Type 'string' is not assignable to type 'number'.",
            "next": undefined,
          },
        },
      },
    },
    "start": 875,
    "text": "{
    query,
  }",
  },
  Object {
    "category": 1,
    "code": 2345,
    "length": 16,
    "messageText": Object {
      "category": 1,
      "code": 2345,
      "messageText": "Argument of type '{ query: StrongObjectType<number, string>; }' is not assignable to parameter of type 'StrongSchemaConfig<number, number>'.",
      "next": Object {
        "category": 1,
        "code": 2326,
        "messageText": "Types of property 'query' are incompatible.",
        "next": Object {
          "category": 1,
          "code": 2322,
          "messageText": "Type 'StrongObjectType<number, string>' is not assignable to type 'StrongObjectType<number, number>'.",
          "next": Object {
            "category": 1,
            "code": 2322,
            "messageText": "Type 'string' is not assignable to type 'number'.",
            "next": undefined,
          },
        },
      },
    },
    "start": 1046,
    "text": "{
    query,
  }",
  },
]
`;

exports[`wrap-fixture.ts 1`] = `
Array [
  Object {
    "category": 1,
    "code": 2322,
    "length": 6,
    "messageText": Object {
      "category": 1,
      "code": 2322,
      "messageText": "Type 'StrongInputType<{}>' is not assignable to type 'StrongOutputType<{}>'.",
      "next": Object {
        "category": 1,
        "code": 2324,
        "messageText": "Property '_strongOutputType' is missing in type 'StrongInputType<{}>'.",
        "next": undefined,
      },
    },
    "start": 391,
    "text": "output",
  },
  Object {
    "category": 1,
    "code": 2322,
    "length": 6,
    "messageText": "Type 'StrongInputType<{}>' is not assignable to type 'StrongOutputType<{}>'.",
    "start": 597,
    "text": "output",
  },
  Object {
    "category": 1,
    "code": 2322,
    "length": 5,
    "messageText": Object {
      "category": 1,
      "code": 2322,
      "messageText": "Type 'StrongOutputType<{}>' is not assignable to type 'StrongInputType<{}>'.",
      "next": Object {
        "category": 1,
        "code": 2324,
        "messageText": "Property '_strongInputType' is missing in type 'StrongOutputType<{}>'.",
        "next": undefined,
      },
    },
    "start": 755,
    "text": "input",
  },
  Object {
    "category": 1,
    "code": 2322,
    "length": 5,
    "messageText": "Type 'StrongOutputType<{}>' is not assignable to type 'StrongInputType<{}>'.",
    "start": 956,
    "text": "input",
  },
]
`;
